LDDDDDLLULLLUUULLLDDRDDLDDLDDDDRRRRURRDDRRURUULUURRD
